    4-square module
=======================


subclass to add methods to list class

>>> MyList = __import__('1-my_list').MyList

>>> a_list = MyList()

>>> a_list = list(range(20, 0, -1))

>>> print(a_list)
[20, 19, 18, 17, 16, 15, 14, 13, 12, 11, 10, 9, 8, 7, 6, 5, 4, 3, 2, 1]

>>> MyList.print_sorted(a_list)
[1, 2, 3, 4, 5, 6, 7, 8, 9, 10, 11, 12, 13, 14, 15, 16, 17, 18, 19, 20]

Check Type and instance
==========================

Type

    >>> type(my_list) == MyList
    True

    >>> type(my_list) == list
    False


Instance

    >>> isinstance(my_list, MyList)
    True

    >>> isinstance(my_list, list)
    True

Subclass

    >>> issubclass(MyList, list)
    True

Method

   >>> type(my_list.print_sorted)
   <class 'method'>


Test Public Method Sorted
===========================

Giving 1 argument

     >>> my_list.print_sorted(5)
     Traceback (most recent call last):
     ...
     TypeError: print_sorted() takes 1 positional argument but 2 were given
